// Jest Snapshot v1, https://goo.gl/fbAQLP

exports[`MovieCard: Correctly renders after relaunch 1`] = `
<article
  className="small-movie-card catalog__movies-card"
  onClick={[Function]}
  onMouseEnter={[Function]}
  onMouseLeave={[Function]}
>
  <div
    className="small-movie-card__image"
  >
    <video
      height="175"
      muted={true}
      poster="poster"
      src="prev"
      width="280"
    />
  </div>
  <h3
    className="small-movie-card__title"
  >
    <a
      className="small-movie-card__link"
      href="#"
      onClick={[Function]}
      params={
        Object {
          "id": 1,
        }
      }
    >
      title
    </a>
  </h3>
</article>
`;
